// Jest Snapshot v1, https://goo.gl/fbAQLP

exports[`[component]: language-selector should match snapshot 1`] = `
<DocumentFragment>
  <a
    class="w-[20px] h-[20px] rounded-full"
    href="/hu"
  >
    <img
      alt="Great Britain flag"
      class="w-[20px] h-[20px] rounded-full"
      src="https://flagcdn.com/w40/gb.png"
    />
  </a>
</DocumentFragment>
`;
